
> frontend@0.1.0 start
> react-scripts start

node.exe : (node:19404) [DEP_WEBPACK_DEV_SERVER_ON_AFTER_SETUP_MIDDLEWARE] DeprecationWarning: 'onAfterSetupMiddleware' option is deprecated. Please use the 'setupMiddlewares' 
option.
At C:\Program Files\nodejs\npm.ps1:29 char:3
+   & $NODE_EXE $NPM_CLI_JS $args
+   ~~~~~~~~~~~~~~~~~~~~~~~~~~~~~
    + CategoryInfo          : NotSpecified: ((node:19404) [D...ewares' option.:String) [], RemoteException
    + FullyQualifiedErrorId : NativeCommandError
 
(Use `node --trace-deprecation ...` to show where the warning was created)
(node:19404) [DEP_WEBPACK_DEV_SERVER_ON_BEFORE_SETUP_MIDDLEWARE] DeprecationWarning: 'onBeforeSetupMiddleware' option is deprecated. Please use the 'setupMiddlewares' option.
Starting the development server...

Failed to compile.

Module not found: Error: Can't resolve './pages/UsersPage' in 'C:\Users\ernan\Desktop\Personal\pos-app\frontend\src'
[1m[31mERROR[39m[22m in [1m./src/App.js[39m[22m [1m[32m5:0-42[39m[22m
[1mModule [1m[31mnot found[39m[22m[1m: [1m[31mError[39m[22m[1m: Can't resolve './pages/UsersPage' in 'C:\Users\ernan\Desktop\Personal\pos-app\frontend\src'[39m[22m

[1m[31mERROR[39m[22m in [1m./src/App.js[39m[22m [1m[32m7:0-48[39m[22m
[1mModule [1m[31mnot found[39m[22m[1m: [1m[31mError[39m[22m[1m: Can't resolve './pages/ProductsPage' in 'C:\Users\ernan\Desktop\Personal\pos-app\frontend\src'[39m[22m

[1m[31mERROR[39m[22m in [1m./src/App.js[39m[22m [1m[32m8:0-42[39m[22m
[1mModule [1m[31mnot found[39m[22m[1m: [1m[31mError[39m[22m[1m: Can't resolve './pages/SalesPage' in 'C:\Users\ernan\Desktop\Personal\pos-app\frontend\src'[39m[22m

[1m[31mERROR[39m[22m in [1m./src/App.js[39m[22m [1m[32m9:0-44[39m[22m
[1mModule [1m[31mnot found[39m[22m[1m: [1m[31mError[39m[22m[1m: Can't resolve './pages/ReportPage' in 'C:\Users\ernan\Desktop\Personal\pos-app\frontend\src'[39m[22m

[1m[31mERROR[39m[22m in [1m./src/App.js[39m[22m [1m[32m10:0-51[39m[22m
[1mModule [1m[31mnot found[39m[22m[1m: [1m[31mError[39m[22m[1m: Can't resolve './components/AdminLayout' in 'C:\Users\ernan\Desktop\Personal\pos-app\frontend\src'[39m[22m

[1m[31mERROR[39m[22m in [1m./src/App.js[39m[22m [1m[32m11:0-48[39m[22m
[1mModule [1m[31mnot found[39m[22m[1m: [1m[31mError[39m[22m[1m: Can't resolve './pages/ClientesPage' in 'C:\Users\ernan\Desktop\Personal\pos-app\frontend\src'[39m[22m

[1m[31mERROR[39m[22m in [1m./src/App.js[39m[22m [1m[32m12:0-50[39m[22m
[1mModule [1m[31mnot found[39m[22m[1m: [1m[31mError[39m[22m[1m: Can't resolve './pages/EmployeesPage' in 'C:\Users\ernan\Desktop\Personal\pos-app\frontend\src'[39m[22m

[1m[31mERROR[39m[22m in [1m./src/App.js[39m[22m [1m[32m13:0-65[39m[22m
[1mModule [1m[31mnot found[39m[22m[1m: [1m[31mError[39m[22m[1m: Can't resolve './components/RoleProtectedRoute' in 'C:\Users\ernan\Desktop\Personal\pos-app\frontend\src'[39m[22m

[1m[31mERROR[39m[22m in [1m./src/App.js[39m[22m [1m[32m14:0-48[39m[22m
[1mModule [1m[31mnot found[39m[22m[1m: [1m[31mError[39m[22m[1m: Can't resolve './pages/ExpensesPage' in 'C:\Users\ernan\Desktop\Personal\pos-app\frontend\src'[39m[22m

[1m[31mERROR[39m[22m in [1m./src/App.js[39m[22m [1m[32m15:0-46[39m[22m
[1mModule [1m[31mnot found[39m[22m[1m: [1m[31mError[39m[22m[1m: Can't resolve './pages/TiendasPage' in 'C:\Users\ernan\Desktop\Personal\pos-app\frontend\src'[39m[22m

[1m[31mERROR[39m[22m in [1m./src/App.js[39m[22m [1m[32m16:0-44[39m[22m
[1mModule [1m[31mnot found[39m[22m[1m: [1m[31mError[39m[22m[1m: Can't resolve './pages/OrdersPage' in 'C:\Users\ernan\Desktop\Personal\pos-app\frontend\src'[39m[22m

[1m[31mERROR[39m[22m in [1m./src/App.js[39m[22m [1m[32m17:0-62[39m[22m
[1mModule [1m[31mnot found[39m[22m[1m: [1m[31mError[39m[22m[1m: Can't resolve './pages/EmployeeHistoryPage' in 'C:\Users\ernan\Desktop\Personal\pos-app\frontend\src'[39m[22m

[1m[31mERROR[39m[22m in [1m./src/App.js[39m[22m [1m[32m18:0-58[39m[22m
[1mModule [1m[31mnot found[39m[22m[1m: [1m[31mError[39m[22m[1m: Can't resolve './pages/OrderTrackingPage' in 'C:\Users\ernan\Desktop\Personal\pos-app\frontend\src'[39m[22m

[1m[31mERROR[39m[22m in [1m./src/App.js[39m[22m [1m[32m19:0-46[39m[22m
[1mModule [1m[31mnot found[39m[22m[1m: [1m[31mError[39m[22m[1m: Can't resolve './pages/ReturnsPage' in 'C:\Users\ernan\Desktop\Personal\pos-app\frontend\src'[39m[22m

[1m[31mERROR[39m[22m in [1m./src/App.js[39m[22m [1m[32m20:0-40[39m[22m
[1mModule [1m[31mnot found[39m[22m[1m: [1m[31mError[39m[22m[1m: Can't resolve './pages/CajaPage' in 'C:\Users\ernan\Desktop\Personal\pos-app\frontend\src'[39m[22m

[1m[31mERROR[39m[22m in [1m./src/App.js[39m[22m [1m[32m21:0-70[39m[22m
[1mModule [1m[31mnot found[39m[22m[1m: [1m[31mError[39m[22m[1m: Can't resolve './pages/EmployeeVacationRequestPage' in 'C:\Users\ernan\Desktop\Personal\pos-app\frontend\src'[39m[22m

[1m[31mERROR[39m[22m in [1m./src/App.js[39m[22m [1m[32m22:0-59[39m[22m
[1mModule [1m[31mnot found[39m[22m[1m: [1m[31mError[39m[22m[1m: Can't resolve './pages/VacationsAdminPage' in 'C:\Users\ernan\Desktop\Personal\pos-app\frontend\src'[39m[22m

webpack compiled with [1m[31m17 errors[39m[22m
Compiling...
Failed to compile.

Module not found: Error: Can't resolve '../../config/api' in 'C:\Users\ernan\Desktop\Personal\pos-app\frontend\src\core\products\pages'
[1m[33mWARNING[39m[22m in [1m[eslint] 
src\core\products\pages\ProductsPage.js
  Line 1:1:   [1m[31mUnexpected[39m[22m[1m Unicode BOM (Byte Order Mark)                                                                                                                    unicode-bom
  Line 55:6:  React Hook useEffect has missing dependencies: 'fetchProducts', 'fetchTiendas', and 'fetchUserProfile'. Either include them or remove the dependency array  react-hooks/exhaustive-deps

src\core\sales\pages\SalesPage.js
  Line 1:1:    [1m[31mUnexpected[39m[22m[1m Unicode BOM (Byte Order Mark)                                                                                                                    unicode-bom
  Line 86:6:   React Hook useEffect has missing dependencies: 'fetchClientes', 'fetchTiendas', and 'fetchUserProfile'. Either include them or remove the dependency array  react-hooks/exhaustive-deps
  Line 92:6:   React Hook useEffect has a missing dependency: 'fetchProducts'. Either include it or remove the dependency array                                            react-hooks/exhaustive-deps
  Line 123:9:  'tax' is assigned a value but never used                                                                                                                    no-unused-vars

src\core\tiendas\pages\TiendasPage.js
  Line 1:1:   [1m[31mUnexpected[39m[22m[1m Unicode BOM (Byte Order Mark)                                                                         unicode-bom
  Line 22:6:  React Hook useEffect has a missing dependency: 'fetchTiendas'. Either include it or remove the dependency array  react-hooks/exhaustive-deps

src\core\users\pages\UsersPage.js
  Line 1:1:  [1m[31mUnexpected[39m[22m[1m Unicode BOM (Byte Order Mark)  unicode-bom

src\modules\caja\pages\CajaPage.js
  Line 1:1:   [1m[31mUnexpected[39m[22m[1m Unicode BOM (Byte Order Mark)                                                                               unicode-bom
  Line 35:6:  React Hook useEffect has a missing dependency: 'generarRangoFechas'. Either include it or remove the dependency array  react-hooks/exhaustive-deps

src\modules\clientes\pages\ClientesPage.js
  Line 1:1:   [1m[31mUnexpected[39m[22m[1m Unicode BOM (Byte Order Mark)                                                                          unicode-bom
  Line 44:6:  React Hook useEffect has a missing dependency: 'fetchClientes'. Either include it or remove the dependency array  react-hooks/exhaustive-deps

src\modules\delivery\pages\OrderTrackingPage.js
  Line 1:1:   [1m[31mUnexpected[39m[22m[1m Unicode BOM (Byte Order Mark)                                                                       unicode-bom
  Line 21:6:  React Hook useEffect has a missing dependency: 'fetchSales'. Either include it or remove the dependency array  react-hooks/exhaustive-deps

src\modules\delivery\pages\OrdersPage.js
  Line 1:1:   [1m[31mUnexpected[39m[22m[1m Unicode BOM (Byte Order Mark)                                                                        unicode-bom
  Line 33:6:  React Hook useEffect has a missing dependency: 'fetchOrders'. Either include it or remove the dependency array  react-hooks/exhaustive-deps

src\modules\devoluciones\pages\DevolucionesPage.js
  Line 1:1:   [1m[31mUnexpected[39m[22m[1m Unicode BOM (Byte Order Mark)  unicode-bom
  Line 1:10:  'useEffect' is defined but never used     no-unused-vars

src\modules\empleados\pages\EmpleadosPage.js
  Line 1:1:  [1m[31mUnexpected[39m[22m[1m Unicode BOM (Byte Order Mark)  unicode-bom

src\modules\empleados\pages\EmployeeHistoryPage.js
  Line 1:1:   [1m[31mUnexpected[39m[22m[1m Unicode BOM (Byte Order Mark)                                                                        unicode-bom
  Line 38:6:  React Hook useEffect has a missing dependency: 'loadHistory'. Either include it or remove the dependency array  react-hooks/exhaustive-deps

src\modules\gastos\pages\GastosPage.js
  Line 1:1:   [1m[31mUnexpected[39m[22m[1m Unicode BOM (Byte Order Mark)                                                                         unicode-bom
  Line 45:6:  React Hook useEffect has a missing dependency: 'loadExpenses'. Either include it or remove the dependency array  react-hooks/exhaustive-deps

src\modules\reportes\pages\ReportesPage.js
  Line 1:1:   [1m[31mUnexpected[39m[22m[1m Unicode BOM (Byte Order Mark)                                                                               unicode-bom
  Line 48:6:  React Hook useEffect has a missing dependency: 'generarRangoFechas'. Either include it or remove the dependency array  react-hooks/exhaustive-deps

src\modules\vacaciones\pages\VacacionesAdminPage.js
  Line 1:1:   [1m[31mUnexpected[39m[22m[1m Unicode BOM (Byte Order Mark)                                                                         unicode-bom
  Line 12:6:  React Hook useEffect has a missing dependency: 'loadRequests'. Either include it or remove the dependency array  react-hooks/exhaustive-deps

src\modules\vacaciones\pages\VacacionesRequestPage.js
  Line 1:1:  [1m[31mUnexpected[39m[22m[1m Unicode BOM (Byte Order Mark)  unicode-bom

src\shared\components\Layout\AdminLayout.js
  Line 1:1:   [1m[31mUnexpected[39m[22m[1m Unicode BOM (Byte Order Mark)                                          unicode-bom
  Line 35:9:  Headings [1m[33mmust[39m[22m[1m have content and the content [1m[33mmust[39m[22m[1m be accessible by a screen reader  jsx-a11y/heading-has-content

src\shared\components\Layout\RoleProtectedRoute.js
  Line 1:10:  'Navigate' is defined but never used  no-unused-vars

[39m[22m

[1m[31mERROR[39m[22m in [1m./src/core/products/pages/ProductsPage.js[39m[22m [1m[32m7:0-42[39m[22m
[1mModule [1m[31mnot found[39m[22m[1m: [1m[31mError[39m[22m[1m: Can't resolve '../../config/api' in 'C:\Users\ernan\Desktop\Personal\pos-app\frontend\src\core\products\pages'[39m[22m

[1m[31mERROR[39m[22m in [1m./src/core/sales/pages/SalesPage.js[39m[22m [1m[32m7:0-42[39m[22m
[1mModule [1m[31mnot found[39m[22m[1m: [1m[31mError[39m[22m[1m: Can't resolve '../../config/api' in 'C:\Users\ernan\Desktop\Personal\pos-app\frontend\src\core\sales\pages'[39m[22m

[1m[31mERROR[39m[22m in [1m./src/core/tiendas/pages/TiendasPage.js[39m[22m [1m[32m7:0-42[39m[22m
[1mModule [1m[31mnot found[39m[22m[1m: [1m[31mError[39m[22m[1m: Can't resolve '../../config/api' in 'C:\Users\ernan\Desktop\Personal\pos-app\frontend\src\core\tiendas\pages'[39m[22m

[1m[31mERROR[39m[22m in [1m./src/core/users/pages/UsersPage.js[39m[22m [1m[32m7:0-42[39m[22m
[1mModule [1m[31mnot found[39m[22m[1m: [1m[31mError[39m[22m[1m: Can't resolve '../../config/api' in 'C:\Users\ernan\Desktop\Personal\pos-app\frontend\src\core\users\pages'[39m[22m

[1m[31mERROR[39m[22m in [1m./src/modules/caja/pages/CajaPage.js[39m[22m [1m[32m7:0-42[39m[22m
[1mModule [1m[31mnot found[39m[22m[1m: [1m[31mError[39m[22m[1m: Can't resolve '../../config/api' in 'C:\Users\ernan\Desktop\Personal\pos-app\frontend\src\modules\caja\pages'[39m[22m

[1m[31mERROR[39m[22m in [1m./src/modules/clientes/pages/ClientesPage.js[39m[22m [1m[32m7:0-42[39m[22m
[1mModule [1m[31mnot found[39m[22m[1m: [1m[31mError[39m[22m[1m: Can't resolve '../../config/api' in 'C:\Users\ernan\Desktop\Personal\pos-app\frontend\src\modules\clientes\pages'[39m[22m

[1m[31mERROR[39m[22m in [1m./src/modules/delivery/pages/OrderTrackingPage.js[39m[22m [1m[32m7:0-42[39m[22m
[1mModule [1m[31mnot found[39m[22m[1m: [1m[31mError[39m[22m[1m: Can't resolve '../../config/api' in 'C:\Users\ernan\Desktop\Personal\pos-app\frontend\src\modules\delivery\pages'[39m[22m

[1m[31mERROR[39m[22m in [1m./src/modules/delivery/pages/OrdersPage.js[39m[22m [1m[32m7:0-42[39m[22m
[1mModule [1m[31mnot found[39m[22m[1m: [1m[31mError[39m[22m[1m: Can't resolve '../../config/api' in 'C:\Users\ernan\Desktop\Personal\pos-app\frontend\src\modules\delivery\pages'[39m[22m

[1m[31mERROR[39m[22m in [1m./src/modules/devoluciones/pages/DevolucionesPage.js[39m[22m [1m[32m7:0-42[39m[22m
[1mModule [1m[31mnot found[39m[22m[1m: [1m[31mError[39m[22m[1m: Can't resolve '../../config/api' in 'C:\Users\ernan\Desktop\Personal\pos-app\frontend\src\modules\devoluciones\pages'[39m[22m

[1m[31mERROR[39m[22m in [1m./src/modules/empleados/pages/EmpleadosPage.js[39m[22m [1m[32m7:0-42[39m[22m
[1mModule [1m[31mnot found[39m[22m[1m: [1m[31mError[39m[22m[1m: Can't resolve '../../config/api' in 'C:\Users\ernan\Desktop\Personal\pos-app\frontend\src\modules\empleados\pages'[39m[22m

[1m[31mERROR[39m[22m in [1m./src/modules/empleados/pages/EmployeeHistoryPage.js[39m[22m [1m[32m7:0-42[39m[22m
[1mModule [1m[31mnot found[39m[22m[1m: [1m[31mError[39m[22m[1m: Can't resolve '../../config/api' in 'C:\Users\ernan\Desktop\Personal\pos-app\frontend\src\modules\empleados\pages'[39m[22m

[1m[31mERROR[39m[22m in [1m./src/modules/gastos/pages/GastosPage.js[39m[22m [1m[32m7:0-42[39m[22m
[1mModule [1m[31mnot found[39m[22m[1m: [1m[31mError[39m[22m[1m: Can't resolve '../../config/api' in 'C:\Users\ernan\Desktop\Personal\pos-app\frontend\src\modules\gastos\pages'[39m[22m

[1m[31mERROR[39m[22m in [1m./src/modules/reportes/pages/ReportesPage.js[39m[22m [1m[32m10:0-42[39m[22m
[1mModule [1m[31mnot found[39m[22m[1m: [1m[31mError[39m[22m[1m: Can't resolve '../../config/api' in 'C:\Users\ernan\Desktop\Personal\pos-app\frontend\src\modules\reportes\pages'[39m[22m

[1m[31mERROR[39m[22m in [1m./src/modules/vacaciones/pages/VacacionesAdminPage.js[39m[22m [1m[32m7:0-42[39m[22m
[1mModule [1m[31mnot found[39m[22m[1m: [1m[31mError[39m[22m[1m: Can't resolve '../../config/api' in 'C:\Users\ernan\Desktop\Personal\pos-app\frontend\src\modules\vacaciones\pages'[39m[22m

[1m[31mERROR[39m[22m in [1m./src/modules/vacaciones/pages/VacacionesRequestPage.js[39m[22m [1m[32m7:0-42[39m[22m
[1mModule [1m[31mnot found[39m[22m[1m: [1m[31mError[39m[22m[1m: Can't resolve '../../config/api' in 'C:\Users\ernan\Desktop\Personal\pos-app\frontend\src\modules\vacaciones\pages'[39m[22m

[1m[31mERROR[39m[22m in [1m./src/shared/components/Layout/AdminLayout.js[39m[22m [1m[32m9:0-42[39m[22m
[1mModule [1m[31mnot found[39m[22m[1m: [1m[31mError[39m[22m[1m: Can't resolve '../../config/api' in 'C:\Users\ernan\Desktop\Personal\pos-app\frontend\src\shared\components\Layout'[39m[22m

[1m[31mERROR[39m[22m in [1m./src/shared/components/Layout/RoleProtectedRoute.js[39m[22m [1m[32m8:0-38[39m[22m
[1mModule [1m[31mnot found[39m[22m[1m: [1m[31mError[39m[22m[1m: Can't resolve '../apiConfig' in 'C:\Users\ernan\Desktop\Personal\pos-app\frontend\src\shared\components\Layout'[39m[22m

webpack compiled with [1m[31m17 errors[39m[22m and [1m[33m1 warning[39m[22m
